Archive member included to satisfy reference by file (symbol)

D:/ST/CubeCli/STM32CubeCLT_1.18.0/GNU-tools-for-STM32/bin/../lib/gcc/arm-none-eabi/13.3.1/../../../../arm-none-eabi/lib/thumb/v7e-m+fp/hard\libc_nano.a(libc_a-exit.o)
                              D:/ST/CubeCli/STM32CubeCLT_1.18.0/GNU-tools-for-STM32/bin/../lib/gcc/arm-none-eabi/13.3.1/../../../../arm-none-eabi/lib/thumb/v7e-m+fp/hard/crt0.o (exit)
D:/ST/CubeCli/STM32CubeCLT_1.18.0/GNU-tools-for-STM32/bin/../lib/gcc/arm-none-eabi/13.3.1/../../../../arm-none-eabi/lib/thumb/v7e-m+fp/hard\libc_nano.a(libc_a-findfp.o)
                              D:/ST/CubeCli/STM32CubeCLT_1.18.0/GNU-tools-for-STM32/bin/../lib/gcc/arm-none-eabi/13.3.1/../../../../arm-none-eabi/lib/thumb/v7e-m+fp/hard\libc_nano.a(libc_a-exit.o) (__stdio_exit_handler)
D:/ST/CubeCli/STM32CubeCLT_1.18.0/GNU-tools-for-STM32/bin/../lib/gcc/arm-none-eabi/13.3.1/../../../../arm-none-eabi/lib/thumb/v7e-m+fp/hard\libc_nano.a(libc_a-fwalk.o)
                              D:/ST/CubeCli/STM32CubeCLT_1.18.0/GNU-tools-for-STM32/bin/../lib/gcc/arm-none-eabi/13.3.1/../../../../arm-none-eabi/lib/thumb/v7e-m+fp/hard\libc_nano.a(libc_a-findfp.o) (_fwalk_sglue)
D:/ST/CubeCli/STM32CubeCLT_1.18.0/GNU-tools-for-STM32/bin/../lib/gcc/arm-none-eabi/13.3.1/../../../../arm-none-eabi/lib/thumb/v7e-m+fp/hard\libc_nano.a(libc_a-stdio.o)
                              D:/ST/CubeCli/STM32CubeCLT_1.18.0/GNU-tools-for-STM32/bin/../lib/gcc/arm-none-eabi/13.3.1/../../../../arm-none-eabi/lib/thumb/v7e-m+fp/hard\libc_nano.a(libc_a-findfp.o) (__sread)
D:/ST/CubeCli/STM32CubeCLT_1.18.0/GNU-tools-for-STM32/bin/../lib/gcc/arm-none-eabi/13.3.1/../../../../arm-none-eabi/lib/thumb/v7e-m+fp/hard\libc_nano.a(libc_a-memset.o)
                              D:/ST/CubeCli/STM32CubeCLT_1.18.0/GNU-tools-for-STM32/bin/../lib/gcc/arm-none-eabi/13.3.1/../../../../arm-none-eabi/lib/thumb/v7e-m+fp/hard/crt0.o (memset)
D:/ST/CubeCli/STM32CubeCLT_1.18.0/GNU-tools-for-STM32/bin/../lib/gcc/arm-none-eabi/13.3.1/../../../../arm-none-eabi/lib/thumb/v7e-m+fp/hard\libc_nano.a(libc_a-closer.o)
                              D:/ST/CubeCli/STM32CubeCLT_1.18.0/GNU-tools-for-STM32/bin/../lib/gcc/arm-none-eabi/13.3.1/../../../../arm-none-eabi/lib/thumb/v7e-m+fp/hard\libc_nano.a(libc_a-stdio.o) (_close_r)
D:/ST/CubeCli/STM32CubeCLT_1.18.0/GNU-tools-for-STM32/bin/../lib/gcc/arm-none-eabi/13.3.1/../../../../arm-none-eabi/lib/thumb/v7e-m+fp/hard\libc_nano.a(libc_a-reent.o)
                              D:/ST/CubeCli/STM32CubeCLT_1.18.0/GNU-tools-for-STM32/bin/../lib/gcc/arm-none-eabi/13.3.1/../../../../arm-none-eabi/lib/thumb/v7e-m+fp/hard\libc_nano.a(libc_a-closer.o) (errno)
D:/ST/CubeCli/STM32CubeCLT_1.18.0/GNU-tools-for-STM32/bin/../lib/gcc/arm-none-eabi/13.3.1/../../../../arm-none-eabi/lib/thumb/v7e-m+fp/hard\libc_nano.a(libc_a-impure.o)
                              D:/ST/CubeCli/STM32CubeCLT_1.18.0/GNU-tools-for-STM32/bin/../lib/gcc/arm-none-eabi/13.3.1/../../../../arm-none-eabi/lib/thumb/v7e-m+fp/hard\libc_nano.a(libc_a-reent.o) (_impure_ptr)
D:/ST/CubeCli/STM32CubeCLT_1.18.0/GNU-tools-for-STM32/bin/../lib/gcc/arm-none-eabi/13.3.1/../../../../arm-none-eabi/lib/thumb/v7e-m+fp/hard\libc_nano.a(libc_a-lseekr.o)
                              D:/ST/CubeCli/STM32CubeCLT_1.18.0/GNU-tools-for-STM32/bin/../lib/gcc/arm-none-eabi/13.3.1/../../../../arm-none-eabi/lib/thumb/v7e-m+fp/hard\libc_nano.a(libc_a-stdio.o) (_lseek_r)
D:/ST/CubeCli/STM32CubeCLT_1.18.0/GNU-tools-for-STM32/bin/../lib/gcc/arm-none-eabi/13.3.1/../../../../arm-none-eabi/lib/thumb/v7e-m+fp/hard\libc_nano.a(libc_a-readr.o)
                              D:/ST/CubeCli/STM32CubeCLT_1.18.0/GNU-tools-for-STM32/bin/../lib/gcc/arm-none-eabi/13.3.1/../../../../arm-none-eabi/lib/thumb/v7e-m+fp/hard\libc_nano.a(libc_a-stdio.o) (_read_r)
D:/ST/CubeCli/STM32CubeCLT_1.18.0/GNU-tools-for-STM32/bin/../lib/gcc/arm-none-eabi/13.3.1/../../../../arm-none-eabi/lib/thumb/v7e-m+fp/hard\libc_nano.a(libc_a-writer.o)
                              D:/ST/CubeCli/STM32CubeCLT_1.18.0/GNU-tools-for-STM32/bin/../lib/gcc/arm-none-eabi/13.3.1/../../../../arm-none-eabi/lib/thumb/v7e-m+fp/hard\libc_nano.a(libc_a-stdio.o) (_write_r)
D:/ST/CubeCli/STM32CubeCLT_1.18.0/GNU-tools-for-STM32/bin/../lib/gcc/arm-none-eabi/13.3.1/../../../../arm-none-eabi/lib/thumb/v7e-m+fp/hard\libc_nano.a(libc_a-init.o)
                              D:/ST/CubeCli/STM32CubeCLT_1.18.0/GNU-tools-for-STM32/bin/../lib/gcc/arm-none-eabi/13.3.1/../../../../arm-none-eabi/lib/thumb/v7e-m+fp/hard/crt0.o (__libc_init_array)
D:/ST/CubeCli/STM32CubeCLT_1.18.0/GNU-tools-for-STM32/bin/../lib/gcc/arm-none-eabi/13.3.1/../../../../arm-none-eabi/lib/thumb/v7e-m+fp/hard\libc_nano.a(libc_a-lock.o)
                              D:/ST/CubeCli/STM32CubeCLT_1.18.0/GNU-tools-for-STM32/bin/../lib/gcc/arm-none-eabi/13.3.1/../../../../arm-none-eabi/lib/thumb/v7e-m+fp/hard\libc_nano.a(libc_a-findfp.o) (__retarget_lock_init_recursive)
[...]
Memory Configuration

Name             Origin             Length             Attributes
CCMRAM           0x10000000         0x00010000         xrw
RAM              0x20000000         0x00020000         xrw
FLASH            0x08000000         0x00100000         xr
*default*        0x00000000         0xffffffff

Linker script and memory map

LOAD D:/ST/CubeCli/STM32CubeCLT_1.18.0/GNU-tools-for-STM32/bin/../lib/gcc/arm-none-eabi/13.3.1/thumb/v7e-m+fp/hard/crti.o
LOAD D:/ST/CubeCli/STM32CubeCLT_1.18.0/GNU-tools-for-STM32/bin/../lib/gcc/arm-none-eabi/13.3.1/thumb/v7e-m+fp/hard/crtbegin.o
LOAD D:/ST/CubeCli/STM32CubeCLT_1.18.0/GNU-tools-for-STM32/bin/../lib/gcc/arm-none-eabi/13.3.1/../../../../arm-none-eabi/lib/thumb/v7e-m+fp/hard/crt0.o
START GROUP
LOAD D:/ST/CubeCli/STM32CubeCLT_1.18.0/GNU-tools-for-STM32/bin/../lib/gcc/arm-none-eabi/13.3.1/../../../../arm-none-eabi/lib/thumb/v7e-m+fp/hard\libc_nano.a
LOAD D:/ST/CubeCli/STM32CubeCLT_1.18.0/GNU-tools-for-STM32/bin/../lib/gcc/arm-none-eabi/13.3.1/../../../../arm-none-eabi/lib/thumb/v7e-m+fp/hard\libm.a
END GROUP
LOAD Project/CMakeFiles/TEMPLATE.dir/BasicCompents/Startup/startup_stm32f407vgtx.s.obj
LOAD Project/CMakeFiles/TEMPLATE.dir/main.c.obj
LOAD Project/CMakeFiles/TEMPLATE.dir/BasicCompents/Syscall/syscalls.c.obj
LOAD Project/CMakeFiles/TEMPLATE.dir/BasicCompents/Syscall/sysmem.c.obj
LOAD Project/CMakeFiles/TEMPLATE.dir/BasicCompents/STM32_SPL/STM32F4xx_StdPeriph_Driver/src/misc.c.obj
LOAD Project/CMakeFiles/TEMPLATE.dir/BasicCompents/STM32_SPL/STM32F4xx_StdPeriph_Driver/src/stm32f4xx_adc.c.obj
LOAD Project/CMakeFiles/TEMPLATE.dir/BasicCompents/STM32_SPL/STM32F4xx_StdPeriph_Driver/src/stm32f4xx_can.c.obj
LOAD Project/CMakeFiles/TEMPLATE.dir/BasicCompents/STM32_SPL/STM32F4xx_StdPeriph_Driver/src/stm32f4xx_cec.c.obj
LOAD Project/CMakeFiles/TEMPLATE.dir/BasicCompents/STM32_SPL/STM32F4xx_StdPeriph_Driver/src/stm32f4xx_crc.c.obj
LOAD Project/CMakeFiles/TEMPLATE.dir/BasicCompents/STM32_SPL/STM32F4xx_StdPeriph_Driver/src/stm32f4xx_cryp.c.obj
LOAD Project/CMakeFiles/TEMPLATE.dir/BasicCompents/STM32_SPL/STM32F4xx_StdPeriph_Driver/src/stm32f4xx_cryp_aes.c.obj
LOAD Project/CMakeFiles/TEMPLATE.dir/BasicCompents/STM32_SPL/STM32F4xx_StdPeriph_Driver/src/stm32f4xx_cryp_des.c.obj
LOAD Project/CMakeFiles/TEMPLATE.dir/BasicCompents/STM32_SPL/STM32F4xx_StdPeriph_Driver/src/stm32f4xx_cryp_tdes.c.obj
LOAD Project/CMakeFiles/TEMPLATE.dir/BasicCompents/STM32_SPL/STM32F4xx_StdPeriph_Driver/src/stm32f4xx_dac.c.obj
LOAD Project/CMakeFiles/TEMPLATE.dir/BasicCompents/STM32_SPL/STM32F4xx_StdPeriph_Driver/src/stm32f4xx_dbgmcu.c.obj
LOAD Project/CMakeFiles/TEMPLATE.dir/BasicCompents/STM32_SPL/STM32F4xx_StdPeriph_Driver/src/stm32f4xx_dcmi.c.obj
LOAD Project/CMakeFiles/TEMPLATE.dir/BasicCompents/STM32_SPL/STM32F4xx_StdPeriph_Driver/src/stm32f4xx_dfsdm.c.obj
LOAD Project/CMakeFiles/TEMPLATE.dir/BasicCompents/STM32_SPL/STM32F4xx_StdPeriph_Driver/src/stm32f4xx_dma.c.obj
LOAD Project/CMakeFiles/TEMPLATE.dir/BasicCompents/STM32_SPL/STM32F4xx_StdPeriph_Driver/src/stm32f4xx_dma2d.c.obj
LOAD Project/CMakeFiles/TEMPLATE.dir/BasicCompents/STM32_SPL/STM32F4xx_StdPeriph_Driver/src/stm32f4xx_dsi.c.obj
LOAD Project/CMakeFiles/TEMPLATE.dir/BasicCompents/STM32_SPL/STM32F4xx_StdPeriph_Driver/src/stm32f4xx_exti.c.obj
LOAD Project/CMakeFiles/TEMPLATE.dir/BasicCompents/STM32_SPL/STM32F4xx_StdPeriph_Driver/src/stm32f4xx_flash.c.obj
LOAD Project/CMakeFiles/TEMPLATE.dir/BasicCompents/STM32_SPL/STM32F4xx_StdPeriph_Driver/src/stm32f4xx_flash_ramfunc.c.obj
LOAD Project/CMakeFiles/TEMPLATE.dir/BasicCompents/STM32_SPL/STM32F4xx_StdPeriph_Driver/src/stm32f4xx_fmpi2c.c.obj
LOAD Project/CMakeFiles/TEMPLATE.dir/BasicCompents/STM32_SPL/STM32F4xx_StdPeriph_Driver/src/stm32f4xx_fsmc.c.obj
LOAD Project/CMakeFiles/TEMPLATE.dir/BasicCompents/STM32_SPL/STM32F4xx_StdPeriph_Driver/src/stm32f4xx_gpio.c.obj
LOAD Project/CMakeFiles/TEMPLATE.dir/BasicCompents/STM32_SPL/STM32F4xx_StdPeriph_Driver/src/stm32f4xx_hash.c.obj
LOAD Project/CMakeFiles/TEMPLATE.dir/BasicCompents/STM32_SPL/STM32F4xx_StdPeriph_Driver/src/stm32f4xx_hash_md5.c.obj
LOAD Project/CMakeFiles/TEMPLATE.dir/BasicCompents/STM32_SPL/STM32F4xx_StdPeriph_Driver/src/stm32f4xx_hash_sha1.c.obj
LOAD Project/CMakeFiles/TEMPLATE.dir/BasicCompents/STM32_SPL/STM32F4xx_StdPeriph_Driver/src/stm32f4xx_i2c.c.obj
LOAD Project/CMakeFiles/TEMPLATE.dir/BasicCompents/STM32_SPL/STM32F4xx_StdPeriph_Driver/src/stm32f4xx_iwdg.c.obj
LOAD Project/CMakeFiles/TEMPLATE.dir/BasicCompents/STM32_SPL/STM32F4xx_StdPeriph_Driver/src/stm32f4xx_lptim.c.obj
LOAD Project/CMakeFiles/TEMPLATE.dir/BasicCompents/STM32_SPL/STM32F4xx_StdPeriph_Driver/src/stm32f4xx_ltdc.c.obj
LOAD Project/CMakeFiles/TEMPLATE.dir/BasicCompents/STM32_SPL/STM32F4xx_StdPeriph_Driver/src/stm32f4xx_pwr.c.obj
LOAD Project/CMakeFiles/TEMPLATE.dir/BasicCompents/STM32_SPL/STM32F4xx_StdPeriph_Driver/src/stm32f4xx_qspi.c.obj
LOAD Project/CMakeFiles/TEMPLATE.dir/BasicCompents/STM32_SPL/STM32F4xx_StdPeriph_Driver/src/stm32f4xx_rcc.c.obj
LOAD Project/CMakeFiles/TEMPLATE.dir/BasicCompents/STM32_SPL/STM32F4xx_StdPeriph_Driver/src/stm32f4xx_rng.c.obj
LOAD Project/CMakeFiles/TEMPLATE.dir/BasicCompents/STM32_SPL/STM32F4xx_StdPeriph_Driver/src/stm32f4xx_rtc.c.obj
LOAD Project/CMakeFiles/TEMPLATE.dir/BasicCompents/STM32_SPL/STM32F4xx_StdPeriph_Driver/src/stm32f4xx_sai.c.obj
LOAD Project/CMakeFiles/TEMPLATE.dir/BasicCompents/STM32_SPL/STM32F4xx_StdPeriph_Driver/src/stm32f4xx_sdio.c.obj
LOAD Project/CMakeFiles/TEMPLATE.dir/BasicCompents/STM32_SPL/STM32F4xx_StdPeriph_Driver/src/stm32f4xx_spdifrx.c.obj
LOAD Project/CMakeFiles/TEMPLATE.dir/BasicCompents/STM32_SPL/STM32F4xx_StdPeriph_Driver/src/stm32f4xx_spi.c.obj
LOAD Project/CMakeFiles/TEMPLATE.dir/BasicCompents/STM32_SPL/STM32F4xx_StdPeriph_Driver/src/stm32f4xx_syscfg.c.obj
LOAD Project/CMakeFiles/TEMPLATE.dir/BasicCompents/STM32_SPL/STM32F4xx_StdPeriph_Driver/src/stm32f4xx_tim.c.obj
LOAD Project/CMakeFiles/TEMPLATE.dir/BasicCompents/STM32_SPL/STM32F4xx_StdPeriph_Driver/src/stm32f4xx_usart.c.obj
LOAD Project/CMakeFiles/TEMPLATE.dir/BasicCompents/STM32_SPL/STM32F4xx_StdPeriph_Driver/src/stm32f4xx_wwdg.c.obj
START GROUP
LOAD D:/ST/CubeCli/STM32CubeCLT_1.18.0/GNU-tools-for-STM32/bin/../lib/gcc/arm-none-eabi/13.3.1/thumb/v7e-m+fp/hard\libgcc.a
LOAD D:/ST/CubeCli/STM32CubeCLT_1.18.0/GNU-tools-for-STM32/bin/../lib/gcc/arm-none-eabi/13.3.1/../../../../arm-none-eabi/lib/thumb/v7e-m+fp/hard\libg_nano.a
LOAD D:/ST/CubeCli/STM32CubeCLT_1.18.0/GNU-tools-for-STM32/bin/../lib/gcc/arm-none-eabi/13.3.1/../../../../arm-none-eabi/lib/thumb/v7e-m+fp/hard\libc_nano.a
END GROUP
START GROUP
LOAD D:/ST/CubeCli/STM32CubeCLT_1.18.0/GNU-tools-for-STM32/bin/../lib/gcc/arm-none-eabi/13.3.1/thumb/v7e-m+fp/hard\libgcc.a
LOAD D:/ST/CubeCli/STM32CubeCLT_1.18.0/GNU-tools-for-STM32/bin/../lib/gcc/arm-none-eabi/13.3.1/../../../../arm-none-eabi/lib/thumb/v7e-m+fp/hard\libc_nano.a
LOAD D:/ST/CubeCli/STM32CubeCLT_1.18.0/GNU-tools-for-STM32/bin/../lib/gcc/arm-none-eabi/13.3.1/../../../../arm-none-eabi/lib/thumb/v7e-m+fp/hard\libnosys.a
END GROUP
START GROUP
LOAD D:/ST/CubeCli/STM32CubeCLT_1.18.0/GNU-tools-for-STM32/bin/../lib/gcc/arm-none-eabi/13.3.1/thumb/v7e-m+fp/hard\libgcc.a
LOAD D:/ST/CubeCli/STM32CubeCLT_1.18.0/GNU-tools-for-STM32/bin/../lib/gcc/arm-none-eabi/13.3.1/../../../../arm-none-eabi/lib/thumb/v7e-m+fp/hard\libc_nano.a
LOAD D:/ST/CubeCli/STM32CubeCLT_1.18.0/GNU-tools-for-STM32/bin/../lib/gcc/arm-none-eabi/13.3.1/../../../../arm-none-eabi/lib/thumb/v7e-m+fp/hard\libnosys.a
END GROUP
LOAD D:/ST/CubeCli/STM32CubeCLT_1.18.0/GNU-tools-for-STM32/bin/../lib/gcc/arm-none-eabi/13.3.1/thumb/v7e-m+fp/hard/crtend.o
LOAD D:/ST/CubeCli/STM32CubeCLT_1.18.0/GNU-tools-for-STM32/bin/../lib/gcc/arm-none-eabi/13.3.1/thumb/v7e-m+fp/hard/crtn.o
                0x20020000                        _estack = (ORIGIN (RAM) + LENGTH (RAM))
                0x00000200                        _Min_Heap_Size = 0x200
                0x00000400                        _Min_Stack_Size = 0x400

.isr_vector     0x08000000      0x188
                0x08000000                        . = ALIGN (0x4)
 *(.isr_vector)
 .isr_vector    0x08000000      0x188 Project/CMakeFiles/TEMPLATE.dir/BasicCompents/Startup/startup_stm32f407vgtx.s.obj
                0x08000000                g_pfnVectors
                0x08000188                        . = ALIGN (0x4)

.text           0x08000188     0x134c
                0x08000188                        . = ALIGN (0x4)
 *(.text)
 .text          0x08000188       0x40 D:/ST/CubeCli/STM32CubeCLT_1.18.0/GNU-tools-for-STM32/bin/../lib/gcc/arm-none-eabi/13.3.1/thumb/v7e-m+fp/hard/crtbegin.o
 .text          0x080001c8       0x90 Project/CMakeFiles/TEMPLATE.dir/main.c.obj
                0x080001c8                delay
                0x080001ec                main
 .text          0x08000258      0x4dc Project/CMakeFiles/TEMPLATE.dir/BasicCompents/STM32_SPL/STM32F4xx_StdPeriph_Driver/src/stm32f4xx_gpio.c.obj
                0x08000258                GPIO_DeInit
                0x080003bc                GPIO_Init
                0x080004da                GPIO_StructInit
                0x0800050e                GPIO_PinLockConfig
                0x08000552                GPIO_ReadInputDataBit
                0x08000586                GPIO_ReadInputData
                0x080005a0                GPIO_ReadOutputDataBit
                0x080005d4                GPIO_ReadOutputData
                0x080005ee                GPIO_SetBits
                0x0800060c                GPIO_ResetBits
                0x0800062c                GPIO_WriteBit
                0x0800065e                GPIO_Write
                0x0800067c                GPIO_ToggleBits
                0x080006a0                GPIO_PinAFConfig
 .text          0x08000734      0xcec Project/CMakeFiles/TEMPLATE.dir/BasicCompents/STM32_SPL/STM32F4xx_StdPeriph_Driver/src/stm32f4xx_rcc.c.obj
                0x08000734                RCC_DeInit
                0x080007a4                RCC_HSEConfig
                0x080007cc                RCC_WaitForHSEStartUp
                0x0800081c                RCC_AdjustHSICalibrationValue
                0x08000858                RCC_HSICmd
                0x08000878                RCC_LSEConfig
                0x080008bc                RCC_LSICmd
                0x080008dc                RCC_PLLConfig
                0x0800091c                RCC_PLLCmd
                0x0800093c                RCC_PLLI2SConfig
                0x08000968                RCC_PLLI2SCmd
                0x08000988                RCC_PLLSAIConfig
                0x080009bc                RCC_PLLSAICmd
                0x080009dc                RCC_ClockSecuritySystemCmd
                0x080009fc                RCC_MCO1Config
                0x08000a3c                RCC_MCO2Config
                0x08000a7c                RCC_SYSCLKConfig
                0x08000ab4                RCC_GetSYSCLKSource
                0x08000ad4                RCC_HCLKConfig
                0x08000b0c                RCC_PCLK1Config
                0x08000b44                RCC_PCLK2Config
                0x08000b80                RCC_GetClocksFreq
                0x08000cdc                RCC_RTCCLKConfig
                0x08000d38                RCC_RTCCLKCmd
                0x08000d58                RCC_BackupResetCmd
                0x08000d78                RCC_I2SCLKConfig
                0x08000d98                RCC_SAIBlockACLKConfig
                0x08000dd4                RCC_SAIBlockBCLKConfig
                0x08000e10                RCC_SAIPLLI2SClkDivConfig
                0x08000e50                RCC_SAIPLLSAIClkDivConfig
                0x08000e90                RCC_LTDCCLKDivConfig
                0x08000ecc                RCC_TIMCLKPresConfig
                0x08000eec                RCC_AHB1PeriphClockCmd
                0x08000f2c                RCC_AHB2PeriphClockCmd
                0x08000f6c                RCC_AHB3PeriphClockCmd
                0x08000fac                RCC_APB1PeriphClockCmd
                0x08000fec                RCC_APB2PeriphClockCmd
                0x0800102c                RCC_AHB1PeriphResetCmd
                0x0800106c                RCC_AHB2PeriphResetCmd
                0x080010ac                RCC_AHB3PeriphResetCmd
                0x080010ec                RCC_APB1PeriphResetCmd
                0x0800112c                RCC_APB2PeriphResetCmd
                0x0800116c                RCC_AHB1PeriphClockLPModeCmd
                0x080011ac                RCC_AHB2PeriphClockLPModeCmd
                0x080011ec                RCC_AHB3PeriphClockLPModeCmd
                0x0800122c                RCC_APB1PeriphClockLPModeCmd
                0x0800126c                RCC_APB2PeriphClockLPModeCmd
                0x080012ac                RCC_LSEModeConfig
                0x080012e8                RCC_ITConfig
                0x08001334                RCC_GetFlagStatus
                0x080013a8                RCC_ClearFlag
                0x080013c8                RCC_GetITStatus
                0x08001400                RCC_ClearITPendingBit
 *(.text*)
 .text.__libc_init_array
                0x08001420       0x48 D:/ST/CubeCli/STM32CubeCLT_1.18.0/GNU-tools-for-STM32/bin/../lib/gcc/arm-none-eabi/13.3.1/../../../../arm-none-eabi/lib/thumb/v7e-m+fp/hard\libc_nano.a(libc_a-init.o)
                0x08001420                __libc_init_array
 .text.Reset_Handler
                0x08001468       0x50 Project/CMakeFiles/TEMPLATE.dir/BasicCompents/Startup/startup_stm32f407vgtx.s.obj
                0x08001468                Reset_Handler
 .text.Default_Handler
                0x080014b8        0x2 Project/CMakeFiles/TEMPLATE.dir/BasicCompents/Startup/startup_stm32f407vgtx.s.obj
                0x080014b8                RTC_Alarm_IRQHandler
                0x080014b8                HASH_RNG_IRQHandler
                0x080014b8                EXTI2_IRQHandler
                0x080014b8                TIM8_CC_IRQHandler
                0x080014b8                DebugMon_Handler
                0x080014b8                TIM1_CC_IRQHandler
                0x080014b8                DMA2_Stream5_IRQHandler
                0x080014b8                HardFault_Handler
                0x080014b8                DMA1_Stream5_IRQHandler
                0x080014b8                SysTick_Handler
                0x080014b8                PVD_IRQHandler
                0x080014b8                SDIO_IRQHandler
                0x080014b8                TAMP_STAMP_IRQHandler
                0x080014b8                PendSV_Handler
                0x080014b8                NMI_Handler
                0x080014b8                CAN2_RX1_IRQHandler
                0x080014b8                EXTI3_IRQHandler
                0x080014b8                TIM8_TRG_COM_TIM14_IRQHandler
                0x080014b8                TIM1_UP_TIM10_IRQHandler
                0x080014b8                TIM8_UP_TIM13_IRQHandler
                0x080014b8                I2C3_ER_IRQHandler
                0x080014b8                EXTI0_IRQHandler
                0x080014b8                I2C2_EV_IRQHandler
                0x080014b8                DMA1_Stream2_IRQHandler
                0x080014b8                CAN1_RX0_IRQHandler
                0x080014b8                FPU_IRQHandler
                0x080014b8                OTG_HS_WKUP_IRQHandler
                0x080014b8                UsageFault_Handler
                0x080014b8                CAN2_SCE_IRQHandler
                0x080014b8                DMA2_Stream2_IRQHandler
                0x080014b8                SPI1_IRQHandler
                0x080014b8                TIM6_DAC_IRQHandler
                0x080014b8                TIM1_BRK_TIM9_IRQHandler
                0x080014b8                DCMI_IRQHandler
                0x080014b8                CAN2_RX0_IRQHandler
                0x080014b8                DMA2_Stream3_IRQHandler
                0x080014b8                USART6_IRQHandler
                0x080014b8                USART3_IRQHandler
                0x080014b8                CRYP_IRQHandler
                0x080014b8                CAN1_RX1_IRQHandler
                0x080014b8                UART5_IRQHandler
                0x080014b8                DMA2_Stream0_IRQHandler
                0x080014b8                TIM4_IRQHandler
                0x080014b8                I2C1_EV_IRQHandler
                0x080014b8                DMA1_Stream6_IRQHandler
                0x080014b8                DMA1_Stream1_IRQHandler
                0x080014b8                UART4_IRQHandler
                0x080014b8                TIM3_IRQHandler
                0x080014b8                RCC_IRQHandler
                0x080014b8                TIM8_BRK_TIM12_IRQHandler
                0x080014b8                Default_Handler
                0x080014b8                EXTI15_10_IRQHandler
                0x080014b8                ADC_IRQHandler
                0x080014b8                DMA1_Stream7_IRQHandler
                0x080014b8                TIM7_IRQHandler
                0x080014b8                CAN2_TX_IRQHandler
                0x080014b8                TIM5_IRQHandler
                0x080014b8                DMA2_Stream7_IRQHandler
                0x080014b8                I2C3_EV_IRQHandler
                0x080014b8                EXTI9_5_IRQHandler
                0x080014b8                RTC_WKUP_IRQHandler
                0x080014b8                ETH_WKUP_IRQHandler
                0x080014b8                SPI2_IRQHandler
                0x080014b8                OTG_HS_EP1_IN_IRQHandler
                0x080014b8                MemManage_Handler
                0x080014b8                DMA1_Stream0_IRQHandler
                0x080014b8                CAN1_TX_IRQHandler
                0x080014b8                SVC_Handler
                0x080014b8                EXTI4_IRQHandler
                0x080014b8                FSMC_IRQHandler
                0x080014b8                ETH_IRQHandler
                0x080014b8                OTG_HS_EP1_OUT_IRQHandler
                0x080014b8                WWDG_IRQHandler
                0x080014b8                TIM2_IRQHandler
                0x080014b8                OTG_FS_WKUP_IRQHandler
                0x080014b8                TIM1_TRG_COM_TIM11_IRQHandler
                0x080014b8                OTG_HS_IRQHandler
                0x080014b8                EXTI1_IRQHandler
                0x080014b8                USART2_IRQHandler
                0x080014b8                I2C2_ER_IRQHandler
                0x080014b8                DMA2_Stream1_IRQHandler
                0x080014b8                CAN1_SCE_IRQHandler
                0x080014b8                DMA2_Stream4_IRQHandler
                0x080014b8                BusFault_Handler
                0x080014b8                USART1_IRQHandler
                0x080014b8                OTG_FS_IRQHandler
                0x080014b8                SPI3_IRQHandler
                0x080014b8                DMA1_Stream4_IRQHandler
                0x080014b8                I2C1_ER_IRQHandler
                0x080014b8                DMA2_Stream6_IRQHandler
                0x080014b8                DMA1_Stream3_IRQHandler
 *(.glue_7)
 .glue_7        0x080014ba        0x0 linker stubs
 *(.glue_7t)
 .glue_7t       0x080014ba        0x0 linker stubs
 *(.eh_frame)
 *fill*         0x080014ba        0x2 
 .eh_frame      0x080014bc        0x0 D:/ST/CubeCli/STM32CubeCLT_1.18.0/GNU-tools-for-STM32/bin/../lib/gcc/arm-none-eabi/13.3.1/thumb/v7e-m+fp/hard/crtbegin.o
 *(.init)
 .init          0x080014bc        0x4 D:/ST/CubeCli/STM32CubeCLT_1.18.0/GNU-tools-for-STM32/bin/../lib/gcc/arm-none-eabi/13.3.1/thumb/v7e-m+fp/hard/crti.o
                0x080014bc                _init
 .init          0x080014c0        0x8 D:/ST/CubeCli/STM32CubeCLT_1.18.0/GNU-tools-for-STM32/bin/../lib/gcc/arm-none-eabi/13.3.1/thumb/v7e-m+fp/hard/crtn.o
 *(.fini)
 .fini          0x080014c8        0x4 D:/ST/CubeCli/STM32CubeCLT_1.18.0/GNU-tools-for-STM32/bin/../lib/gcc/arm-none-eabi/13.3.1/thumb/v7e-m+fp/hard/crti.o
                0x080014c8                _fini
 .fini          0x080014cc        0x8 D:/ST/CubeCli/STM32CubeCLT_1.18.0/GNU-tools-for-STM32/bin/../lib/gcc/arm-none-eabi/13.3.1/thumb/v7e-m+fp/hard/crtn.o
                0x080014d4                        . = ALIGN (0x4)
                0x080014d4                        _etext = .

.vfp11_veneer   0x080014d4        0x0
 .vfp11_veneer  0x080014d4        0x0 linker stubs

.v4_bx          0x080014d4        0x0
 .v4_bx         0x080014d4        0x0 linker stubs

.iplt           0x080014d4        0x0
 .iplt          0x080014d4        0x0 D:/ST/CubeCli/STM32CubeCLT_1.18.0/GNU-tools-for-STM32/bin/../lib/gcc/arm-none-eabi/13.3.1/thumb/v7e-m+fp/hard/crtbegin.o

.rodata         0x080014d4       0x10
                0x080014d4                        . = ALIGN (0x4)
 *(.rodata)
 .rodata        0x080014d4       0x10 Project/CMakeFiles/TEMPLATE.dir/BasicCompents/STM32_SPL/STM32F4xx_StdPeriph_Driver/src/stm32f4xx_rcc.c.obj
 *(.rodata*)
                0x080014e4                        . = ALIGN (0x4)

.ARM.extab      0x080014e4        0x0
                0x080014e4                        . = ALIGN (0x4)
 *(.ARM.extab* .gnu.linkonce.armextab.*)
                0x080014e4                        . = ALIGN (0x4)

.ARM            0x080014e4        0x0
                0x080014e4                        . = ALIGN (0x4)
                0x080014e4                        __exidx_start = .
 *(.ARM.exidx*)
                0x080014e4                        __exidx_end = .
                0x080014e4                        . = ALIGN (0x4)

.preinit_array  0x080014e4        0x0
                0x080014e4                        . = ALIGN (0x4)
                0x080014e4                        PROVIDE (__preinit_array_start = .)
 *(.preinit_array*)
                0x080014e4                        PROVIDE (__preinit_array_end = .)
                0x080014e4                        . = ALIGN (0x4)

.init_array     0x080014e4        0x4
                0x080014e4                        . = ALIGN (0x4)
                0x080014e4                        PROVIDE (__init_array_start = .)
 *(SORT_BY_NAME(.init_array.*))
 *(.init_array*)
 .init_array    0x080014e4        0x4 D:/ST/CubeCli/STM32CubeCLT_1.18.0/GNU-tools-for-STM32/bin/../lib/gcc/arm-none-eabi/13.3.1/thumb/v7e-m+fp/hard/crtbegin.o
                0x080014e8                        PROVIDE (__init_array_end = .)
                0x080014e8                        . = ALIGN (0x4)

.fini_array     0x080014e8        0x4
                0x080014e8                        . = ALIGN (0x4)
                [!provide]                        PROVIDE (__fini_array_start = .)
 *(SORT_BY_NAME(.fini_array.*))
 *(.fini_array*)
 .fini_array    0x080014e8        0x4 D:/ST/CubeCli/STM32CubeCLT_1.18.0/GNU-tools-for-STM32/bin/../lib/gcc/arm-none-eabi/13.3.1/thumb/v7e-m+fp/hard/crtbegin.o
                [!provide]                        PROVIDE (__fini_array_end = .)
                0x080014ec                        . = ALIGN (0x4)
                0x080014ec                        _sidata = LOADADDR (.data)

.rel.dyn        0x080014ec        0x0
 .rel.iplt      0x080014ec        0x0 D:/ST/CubeCli/STM32CubeCLT_1.18.0/GNU-tools-for-STM32/bin/../lib/gcc/arm-none-eabi/13.3.1/thumb/v7e-m+fp/hard/crtbegin.o

.data           0x20000000        0x0 load address 0x080014ec
                0x20000000                        . = ALIGN (0x4)
                0x20000000                        _sdata = .
 *(.data)
 *(.data*)
 *(.RamFunc)
 *(.RamFunc*)
                0x20000000                        . = ALIGN (0x4)
                0x20000000                        _edata = .
                0x080014ec                        _siccmram = LOADADDR (.ccmram)

.igot.plt       0x20000000        0x0 load address 0x080014ec
 .igot.plt      0x20000000        0x0 D:/ST/CubeCli/STM32CubeCLT_1.18.0/GNU-tools-for-STM32/bin/../lib/gcc/arm-none-eabi/13.3.1/thumb/v7e-m+fp/hard/crtbegin.o

.ccmram         0x10000000        0x0 load address 0x080014ec
                0x10000000                        . = ALIGN (0x4)
                0x10000000                        _sccmram = .
 *(.ccmram)
 *(.ccmram*)
                0x10000000                        . = ALIGN (0x4)
                0x10000000                        _eccmram = .
                0x10000000                        . = ALIGN (0x4)

.bss            0x20000000       0x20
                0x20000000                        _sbss = .
                0x20000000                        __bss_start__ = _sbss
 *(.bss)
 .bss           0x20000000       0x1c D:/ST/CubeCli/STM32CubeCLT_1.18.0/GNU-tools-for-STM32/bin/../lib/gcc/arm-none-eabi/13.3.1/thumb/v7e-m+fp/hard/crtbegin.o
 .bss           0x2000001c        0x4 Project/CMakeFiles/TEMPLATE.dir/main.c.obj
                0x2000001c                counttest
 *(.bss*)
 *(COMMON)
                0x20000020                        . = ALIGN (0x4)
                0x20000020                        _ebss = .
                0x20000020                        __bss_end__ = _ebss

._user_heap_stack
                0x20000020      0x600
                0x20000020                        . = ALIGN (0x8)
                [!provide]                        PROVIDE (end = .)
                0x20000020                        PROVIDE (_end = .)
                0x20000220                        . = (. + _Min_Heap_Size)
 *fill*         0x20000020      0x200 
                0x20000620                        . = (. + _Min_Stack_Size)
 *fill*         0x20000220      0x400 
                0x20000620                        . = ALIGN (0x8)

/DISCARD/
 libc.a(*)
 libm.a(*)
 libgcc.a(*)

.ARM.attributes
                0x00000000       0x30
 *(.ARM.attributes)
 .ARM.attributes
                0x00000000       0x22 D:/ST/CubeCli/STM32CubeCLT_1.18.0/GNU-tools-for-STM32/bin/../lib/gcc/arm-none-eabi/13.3.1/thumb/v7e-m+fp/hard/crti.o
 .ARM.attributes
                0x00000022       0x34 D:/ST/CubeCli/STM32CubeCLT_1.18.0/GNU-tools-for-STM32/bin/../lib/gcc/arm-none-eabi/13.3.1/thumb/v7e-m+fp/hard/crtbegin.o
 .ARM.attributes
                0x00000056       0x34 D:/ST/CubeCli/STM32CubeCLT_1.18.0/GNU-tools-for-STM32/bin/../lib/gcc/arm-none-eabi/13.3.1/../../../../arm-none-eabi/lib/thumb/v7e-m+fp/hard\libc_nano.a(libc_a-init.o)
 .ARM.attributes
                0x0000008a       0x21 Project/CMakeFiles/TEMPLATE.dir/BasicCompents/Startup/startup_stm32f407vgtx.s.obj
 .ARM.attributes
                0x000000ab       0x34 Project/CMakeFiles/TEMPLATE.dir/main.c.obj
 .ARM.attributes
                0x000000df       0x34 Project/CMakeFiles/TEMPLATE.dir/BasicCompents/STM32_SPL/STM32F4xx_StdPeriph_Driver/src/stm32f4xx_gpio.c.obj
 .ARM.attributes
                0x00000113       0x34 Project/CMakeFiles/TEMPLATE.dir/BasicCompents/STM32_SPL/STM32F4xx_StdPeriph_Driver/src/stm32f4xx_rcc.c.obj
 .ARM.attributes
                0x00000147       0x22 D:/ST/CubeCli/STM32CubeCLT_1.18.0/GNU-tools-for-STM32/bin/../lib/gcc/arm-none-eabi/13.3.1/thumb/v7e-m+fp/hard/crtn.o
OUTPUT(D:\TemplateVscode\template\Package\Output\TEMPLATE.elf elf32-littlearm)
LOAD linker stubs
LOAD D:/ST/CubeCli/STM32CubeCLT_1.18.0/GNU-tools-for-STM32/bin/../lib/gcc/arm-none-eabi/13.3.1/../../../../arm-none-eabi/lib/thumb/v7e-m+fp/hard\libc.a
LOAD D:/ST/CubeCli/STM32CubeCLT_1.18.0/GNU-tools-for-STM32/bin/../lib/gcc/arm-none-eabi/13.3.1/../../../../arm-none-eabi/lib/thumb/v7e-m+fp/hard\libm.a
LOAD D:/ST/CubeCli/STM32CubeCLT_1.18.0/GNU-tools-for-STM32/bin/../lib/gcc/arm-none-eabi/13.3.1/thumb/v7e-m+fp/hard\libgcc.a

.debug_frame    0x00000000      0xafc
 .debug_frame   0x00000000       0x2c D:/ST/CubeCli/STM32CubeCLT_1.18.0/GNU-tools-for-STM32/bin/../lib/gcc/arm-none-eabi/13.3.1/../../../../arm-none-eabi/lib/thumb/v7e-m+fp/hard\libc_nano.a(libc_a-init.o)
 .debug_frame   0x0000002c       0x58 Project/CMakeFiles/TEMPLATE.dir/main.c.obj
 .debug_frame   0x00000084      0x23c Project/CMakeFiles/TEMPLATE.dir/BasicCompents/STM32_SPL/STM32F4xx_StdPeriph_Driver/src/stm32f4xx_gpio.c.obj
 .debug_frame   0x000002c0      0x83c Project/CMakeFiles/TEMPLATE.dir/BasicCompents/STM32_SPL/STM32F4xx_StdPeriph_Driver/src/stm32f4xx_rcc.c.obj

.debug_line     0x00000000     0x1c4b
 .debug_line    0x00000000       0x7b Project/CMakeFiles/TEMPLATE.dir/BasicCompents/Startup/startup_stm32f407vgtx.s.obj
 .debug_line    0x0000007b      0x665 Project/CMakeFiles/TEMPLATE.dir/main.c.obj
 .debug_line    0x000006e0      0x8d3 Project/CMakeFiles/TEMPLATE.dir/BasicCompents/STM32_SPL/STM32F4xx_StdPeriph_Driver/src/stm32f4xx_gpio.c.obj
 .debug_line    0x00000fb3      0xc98 Project/CMakeFiles/TEMPLATE.dir/BasicCompents/STM32_SPL/STM32F4xx_StdPeriph_Driver/src/stm32f4xx_rcc.c.obj

.debug_line_str
                0x00000000       0x72
 .debug_line_str
                0x00000000       0x72 Project/CMakeFiles/TEMPLATE.dir/BasicCompents/Startup/startup_stm32f407vgtx.s.obj

.debug_info     0x00000000     0x1754
 .debug_info    0x00000000       0x30 Project/CMakeFiles/TEMPLATE.dir/BasicCompents/Startup/startup_stm32f407vgtx.s.obj
 .debug_info    0x00000030      0x328 Project/CMakeFiles/TEMPLATE.dir/main.c.obj
 .debug_info    0x00000358      0x5f9 Project/CMakeFiles/TEMPLATE.dir/BasicCompents/STM32_SPL/STM32F4xx_StdPeriph_Driver/src/stm32f4xx_gpio.c.obj
 .debug_info    0x00000951      0xe03 Project/CMakeFiles/TEMPLATE.dir/BasicCompents/STM32_SPL/STM32F4xx_StdPeriph_Driver/src/stm32f4xx_rcc.c.obj

.debug_abbrev   0x00000000      0x570
 .debug_abbrev  0x00000000       0x24 Project/CMakeFiles/TEMPLATE.dir/BasicCompents/Startup/startup_stm32f407vgtx.s.obj
 .debug_abbrev  0x00000024      0x17d Project/CMakeFiles/TEMPLATE.dir/main.c.obj
 .debug_abbrev  0x000001a1      0x1ef Project/CMakeFiles/TEMPLATE.dir/BasicCompents/STM32_SPL/STM32F4xx_StdPeriph_Driver/src/stm32f4xx_gpio.c.obj
 .debug_abbrev  0x00000390      0x1e0 Project/CMakeFiles/TEMPLATE.dir/BasicCompents/STM32_SPL/STM32F4xx_StdPeriph_Driver/src/stm32f4xx_rcc.c.obj

.debug_aranges  0x00000000       0x88
 .debug_aranges
                0x00000000       0x28 Project/CMakeFiles/TEMPLATE.dir/BasicCompents/Startup/startup_stm32f407vgtx.s.obj
 .debug_aranges
                0x00000028       0x20 Project/CMakeFiles/TEMPLATE.dir/main.c.obj
 .debug_aranges
                0x00000048       0x20 Project/CMakeFiles/TEMPLATE.dir/BasicCompents/STM32_SPL/STM32F4xx_StdPeriph_Driver/src/stm32f4xx_gpio.c.obj
 .debug_aranges
                0x00000068       0x20 Project/CMakeFiles/TEMPLATE.dir/BasicCompents/STM32_SPL/STM32F4xx_StdPeriph_Driver/src/stm32f4xx_rcc.c.obj

.debug_str      0x00000000    0x62fc7
 .debug_str     0x00000000    0x62fc7 Project/CMakeFiles/TEMPLATE.dir/BasicCompents/Startup/startup_stm32f407vgtx.s.obj
                                 0x8e (size before relaxing)
 .debug_str     0x00062fc7    0x621ba Project/CMakeFiles/TEMPLATE.dir/main.c.obj
 .debug_str     0x00062fc7    0x6231c Project/CMakeFiles/TEMPLATE.dir/BasicCompents/STM32_SPL/STM32F4xx_StdPeriph_Driver/src/stm32f4xx_gpio.c.obj
 .debug_str     0x00062fc7    0x62e09 Project/CMakeFiles/TEMPLATE.dir/BasicCompents/STM32_SPL/STM32F4xx_StdPeriph_Driver/src/stm32f4xx_rcc.c.obj

.debug_rnglists
                0x00000000       0x19
 .debug_rnglists
                0x00000000       0x19 Project/CMakeFiles/TEMPLATE.dir/BasicCompents/Startup/startup_stm32f407vgtx.s.obj

.debug_macro    0x00000000     0xfb66
 .debug_macro   0x00000000      0x1cb Project/CMakeFiles/TEMPLATE.dir/main.c.obj
 .debug_macro   0x000001cb      0xad8 Project/CMakeFiles/TEMPLATE.dir/main.c.obj
 .debug_macro   0x00000ca3       0x5e Project/CMakeFiles/TEMPLATE.dir/main.c.obj
 .debug_macro   0x00000d01       0x22 Project/CMakeFiles/TEMPLATE.dir/main.c.obj
 .debug_macro   0x00000d23       0x8e Project/CMakeFiles/TEMPLATE.dir/main.c.obj
 .debug_macro   0x00000db1       0x51 Project/CMakeFiles/TEMPLATE.dir/main.c.obj
 .debug_macro   0x00000e02      0x103 Project/CMakeFiles/TEMPLATE.dir/main.c.obj
 .debug_macro   0x00000f05       0x6a Project/CMakeFiles/TEMPLATE.dir/main.c.obj
 .debug_macro   0x00000f6f      0x1df Project/CMakeFiles/TEMPLATE.dir/main.c.obj
 .debug_macro   0x0000114e       0x1c Project/CMakeFiles/TEMPLATE.dir/main.c.obj
 .debug_macro   0x0000116a       0x22 Project/CMakeFiles/TEMPLATE.dir/main.c.obj
 .debug_macro   0x0000118c       0xfb Project/CMakeFiles/TEMPLATE.dir/main.c.obj
 .debug_macro   0x00001287     0x1011 Project/CMakeFiles/TEMPLATE.dir/main.c.obj
 .debug_macro   0x00002298      0x11f Project/CMakeFiles/TEMPLATE.dir/main.c.obj
 .debug_macro   0x000023b7     0x91ad Project/CMakeFiles/TEMPLATE.dir/main.c.obj
 .debug_macro   0x0000b564      0x44e Project/CMakeFiles/TEMPLATE.dir/main.c.obj
 .debug_macro   0x0000b9b2       0xb2 Project/CMakeFiles/TEMPLATE.dir/main.c.obj
 .debug_macro   0x0000ba64      0x477 Project/CMakeFiles/TEMPLATE.dir/main.c.obj
 .debug_macro   0x0000bedb       0xb2 Project/CMakeFiles/TEMPLATE.dir/main.c.obj
 .debug_macro   0x0000bf8d      0x418 Project/CMakeFiles/TEMPLATE.dir/main.c.obj
 .debug_macro   0x0000c3a5      0x2fb Project/CMakeFiles/TEMPLATE.dir/main.c.obj
 .debug_macro   0x0000c6a0      0x2ba Project/CMakeFiles/TEMPLATE.dir/main.c.obj
 .debug_macro   0x0000c95a       0x64 Project/CMakeFiles/TEMPLATE.dir/main.c.obj
 .debug_macro   0x0000c9be       0xeb Project/CMakeFiles/TEMPLATE.dir/main.c.obj
 .debug_macro   0x0000caa9      0x65b Project/CMakeFiles/TEMPLATE.dir/main.c.obj
 .debug_macro   0x0000d104      0x59c Project/CMakeFiles/TEMPLATE.dir/main.c.obj
 .debug_macro   0x0000d6a0      0x341 Project/CMakeFiles/TEMPLATE.dir/main.c.obj
 .debug_macro   0x0000d9e1      0x36c Project/CMakeFiles/TEMPLATE.dir/main.c.obj
 .debug_macro   0x0000dd4d      0x114 Project/CMakeFiles/TEMPLATE.dir/main.c.obj
 .debug_macro   0x0000de61      0x73b Project/CMakeFiles/TEMPLATE.dir/main.c.obj
 .debug_macro   0x0000e59c      0x220 Project/CMakeFiles/TEMPLATE.dir/main.c.obj
 .debug_macro   0x0000e7bc       0x34 Project/CMakeFiles/TEMPLATE.dir/main.c.obj
 .debug_macro   0x0000e7f0       0x7f Project/CMakeFiles/TEMPLATE.dir/main.c.obj
 .debug_macro   0x0000e86f      0x142 Project/CMakeFiles/TEMPLATE.dir/main.c.obj
 .debug_macro   0x0000e9b1       0xc1 Project/CMakeFiles/TEMPLATE.dir/main.c.obj
 .debug_macro   0x0000ea72       0x40 Project/CMakeFiles/TEMPLATE.dir/main.c.obj
 .debug_macro   0x0000eab2      0x3cf Project/CMakeFiles/TEMPLATE.dir/main.c.obj
 .debug_macro   0x0000ee81      0x181 Project/CMakeFiles/TEMPLATE.dir/main.c.obj
 .debug_macro   0x0000f002      0x146 Project/CMakeFiles/TEMPLATE.dir/main.c.obj
 .debug_macro   0x0000f148      0x279 Project/CMakeFiles/TEMPLATE.dir/main.c.obj
 .debug_macro   0x0000f3c1       0x35 Project/CMakeFiles/TEMPLATE.dir/main.c.obj
 .debug_macro   0x0000f3f6      0x1d5 Project/CMakeFiles/TEMPLATE.dir/BasicCompents/STM32_SPL/STM32F4xx_StdPeriph_Driver/src/stm32f4xx_gpio.c.obj
 .debug_macro   0x0000f5cb      0x2f5 Project/CMakeFiles/TEMPLATE.dir/BasicCompents/STM32_SPL/STM32F4xx_StdPeriph_Driver/src/stm32f4xx_gpio.c.obj
 .debug_macro   0x0000f8c0      0x2a6 Project/CMakeFiles/TEMPLATE.dir/BasicCompents/STM32_SPL/STM32F4xx_StdPeriph_Driver/src/stm32f4xx_rcc.c.obj

.comment        0x00000000       0x43
 .comment       0x00000000       0x43 Project/CMakeFiles/TEMPLATE.dir/main.c.obj
                                 0x44 (size before relaxing)
 .comment       0x00000043       0x44 Project/CMakeFiles/TEMPLATE.dir/BasicCompents/STM32_SPL/STM32F4xx_StdPeriph_Driver/src/stm32f4xx_gpio.c.obj
 .comment       0x00000043       0x44 Project/CMakeFiles/TEMPLATE.dir/BasicCompents/STM32_SPL/STM32F4xx_StdPeriph_Driver/src/stm32f4xx_rcc.c.obj
